// Jest Snapshot v1, https://goo.gl/fbAQLP

exports[`Pruebas con el About page Match con el snapshot 1`] = `
<div class="about">
  <h1>This is an about page</h1>
</div>
`;
